✓ Initialized. View run at 
https://modal.com/apps/collapseindex/main/ap-Y7Z91S88UO8DrPp0mQBhDG
✓ Created objects.
├── 🔨 Created mount 
│   C:\Users\alexs\Desktop\recipient-probe\experiments\modal_controls.py
├── 🔨 Created function run_specificity.
└── 🔨 Created function run_second_axis.

[1ALoading weights:   0%|          | 0/434 [00:00<?, ?it/s]
[1ALoading weights:   0%|          | 1/434 [00:00<03:31,  2.05it/s]
[1ALoading weights:   4%|▍         | 17/434 [00:00<00:11, 37.42it/s]
[1ALoading weights:   7%|▋         | 29/434 [00:00<00:07, 55.00it/s]
[1ALoading weights:   9%|▉         | 39/434 [00:00<00:06, 65.20it/s]
[1ALoading weights:  13%|█▎        | 57/434 [00:00<00:03, 94.51it/s]
[1ALoading weights:  16%|█▌        | 70/434 [00:01<00:03, 100.77it/s]
[1ALoading weights:  20%|█▉        | 85/434 [00:01<00:03, 112.03it/s]
[1ALoading weights:  23%|██▎       | 101/434 [00:01<00:02, 120.55it/s]
[1ALoading weights:  29%|██▊       | 124/434 [00:01<00:02, 150.61it/s]
[1ALoading weights:  32%|███▏      | 141/434 [00:01<00:01, 151.67it/s]
[1ALoading weights:  36%|███▌      | 157/434 [00:01<00:01, 151.88it/s]
[1ALoading weights:  40%|███▉      | 173/434 [00:01<00:01, 141.63it/s]
[1ALoading weights:  44%|████▍     | 190/434 [00:01<00:01, 148.87it/s]
[1ALoading weights:  47%|████▋     | 206/434 [00:01<00:01, 146.38it/s]
[1ALoading weights:  51%|█████     | 221/434 [00:02<00:01, 140.75it/s]
[1ALoading weights:  56%|█████▌    | 242/434 [00:02<00:01, 156.43it/s]
[1ALoading weights:  59%|█████▉    | 258/434 [00:02<00:01, 155.43it/s]
[1ALoading weights:  64%|██████▍   | 277/434 [00:02<00:01, 154.38it/s]
[1ALoading weights:  68%|██████▊   | 293/434 [00:02<00:01, 138.95it/s]
[1ALoading weights:  72%|███████▏  | 312/434 [00:02<00:00, 146.36it/s]
[1ALoading weights:  76%|███████▌  | 328/434 [00:02<00:00, 149.38it/s]
[1ALoading weights:  79%|███████▉  | 344/434 [00:02<00:00, 148.04it/s]
[1ALoading weights:  83%|████████▎ | 362/434 [00:02<00:00, 151.21it/s]
[1ALoading weights:  88%|████████▊ | 382/434 [00:03<00:00, 164.44it/s]
[1ALoading weights:  92%|█████████▏| 399/434 [00:03<00:00, 162.52it/s]
[1ALoading weights:  96%|█████████▌| 416/434 [00:03<00:00, 157.99it/s]
[1ALoading weights: 100%|██████████| 434/434 [00:03<00:00, 129.55it/s]

[1ALoading weights:   0%|          | 0/339 [00:00<?, ?it/s]
[1ALoading weights:   0%|          | 1/339 [00:02<12:03,  2.14s/it]
[1ALoading weights:   1%|          | 3/339 [00:02<03:20,  1.68it/s]
[1ALoading weights:   2%|▏         | 6/339 [00:02<01:25,  3.90it/s]
[1ALoading weights:   4%|▎         | 12/339 [00:02<00:33,  9.62it/s]
[1ALoading weights:   5%|▌         | 17/339 [00:02<00:23, 13.57it/s]
[1ALoading weights:   6%|▌         | 21/339 [00:02<00:19, 16.25it/s]
[1ALoading weights:   8%|▊         | 26/339 [00:02<00:14, 21.37it/s]
[1ALoading weights:   9%|▉         | 30/339 [00:03<00:14, 20.87it/s]
[1ALoading weights:  12%|█▏        | 40/339 [00:03<00:09, 31.26it/s]
[1ALoading weights:  13%|█▎        | 44/339 [00:03<00:11, 26.27it/s]
[1ALoading weights:  15%|█▌        | 51/339 [00:03<00:08, 33.44it/s]
[1ALoading weights:  17%|█▋        | 56/339 [00:03<00:10, 27.59it/s]
[1ALoading weights:  19%|█▊        | 63/339 [00:03<00:08, 34.50it/s]
[1ALoading weights:  20%|██        | 68/339 [00:04<00:08, 32.28it/s]
[1ALoading weights:  21%|██        | 72/339 [00:04<00:08, 33.34it/s]
[1ALoading weights:  23%|██▎       | 77/339 [00:04<00:08, 31.94it/s]
[1ALoading weights:  24%|██▍       | 81/339 [00:04<00:08, 29.73it/s]
[1ALoading weights:  25%|██▌       | 85/339 [00:04<00:08, 30.83it/s]
[1ALoading weights:  26%|██▋       | 89/339 [00:04<00:08, 30.60it/s]
[1ALoading weights:  27%|██▋       | 93/339 [00:05<00:08, 29.50it/s]
[1ALoading weights:  29%|██▉       | 99/339 [00:05<00:06, 34.62it/s]
[1ALoading weights:  30%|███       | 103/339 [00:05<00:08, 27.69it/s]
[1ALoading weights:  32%|███▏      | 109/339 [00:05<00:07, 32.21it/s]
[1ALoading weights:  33%|███▎      | 113/339 [00:05<00:06, 33.46it/s]
[1ALoading weights:  35%|███▍      | 117/339 [00:05<00:07, 30.06it/s]
[1ALoading weights:  36%|███▋      | 123/339 [00:06<00:08, 25.12it/s]
[1ALoading weights:  37%|███▋      | 127/339 [00:06<00:07, 27.73it/s]
[1ALoading weights:  39%|███▉      | 133/339 [00:06<00:06, 33.39it/s]
[1ALoading weights:  40%|████      | 137/339 [00:06<00:06, 30.91it/s]
[1ALoading weights:  42%|████▏     | 141/339 [00:06<00:06, 31.11it/s]
[1ALoading weights:  44%|████▎     | 148/339 [00:06<00:07, 27.09it/s]
[1ALoading weights:  45%|████▍     | 152/339 [00:07<00:06, 27.93it/s]
[1ALoading weights:  46%|████▋     | 157/339 [00:07<00:05, 31.83it/s]
[1ALoading weights:  47%|████▋     | 161/339 [00:07<00:07, 23.85it/s]
[1ALoading weights:  50%|████▉     | 169/339 [00:07<00:05, 32.77it/s]
[1ALoading weights:  51%|█████▏    | 174/339 [00:07<00:07, 22.28it/s]
[1ALoading weights:  54%|█████▎    | 182/339 [00:08<00:05, 30.73it/s]
[1ALoading weights:  55%|█████▌    | 187/339 [00:08<00:06, 24.15it/s]
[1ALoading weights:  57%|█████▋    | 193/339 [00:08<00:05, 29.16it/s]
[1ALoading weights:  58%|█████▊    | 198/339 [00:08<00:05, 24.18it/s]
[1ALoading weights:  61%|██████    | 207/339 [00:08<00:03, 33.17it/s]
[1ALoading weights:  63%|██████▎   | 212/339 [00:09<00:05, 23.99it/s]
[1ALoading weights:  64%|██████▍   | 217/339 [00:09<00:04, 25.57it/s]
[1ALoading weights:  65%|██████▌   | 221/339 [00:09<00:04, 27.26it/s]
[1ALoading weights:  66%|██████▋   | 225/339 [00:09<00:04, 26.28it/s]
[1ALoading weights:  68%|██████▊   | 231/339 [00:09<00:03, 31.03it/s]
[1ALoading weights:  69%|██████▉   | 235/339 [00:10<00:04, 21.02it/s]
[1ALoading weights:  70%|███████   | 238/339 [00:10<00:04, 21.76it/s]
[1ALoading weights:  72%|███████▏  | 245/339 [00:10<00:03, 26.98it/s]
[1ALoading weights:  73%|███████▎  | 249/339 [00:10<00:03, 29.14it/s]
[1ALoading weights:  75%|███████▍  | 254/339 [00:10<00:02, 31.61it/s]
[1ALoading weights:  76%|███████▌  | 258/339 [00:11<00:03, 24.78it/s]
[1ALoading weights:  79%|███████▉  | 268/339 [00:11<00:02, 28.35it/s]
[1ALoading weights:  80%|████████  | 272/339 [00:11<00:02, 29.51it/s]
[1ALoading weights:  82%|████████▏ | 279/339 [00:11<00:01, 34.94it/s]
[1ALoading weights:  83%|████████▎ | 283/339 [00:11<00:02, 27.30it/s]
[1ALoading weights:  85%|████████▍ | 288/339 [00:11<00:01, 29.36it/s]
[1ALoading weights:  86%|████████▌ | 292/339 [00:12<00:01, 31.12it/s]
[1ALoading weights:  87%|████████▋ | 296/339 [00:12<00:01, 26.35it/s]
[1ALoading weights:  89%|████████▉ | 303/339 [00:12<00:01, 33.32it/s]
[1ALoading weights:  91%|█████████ | 307/339 [00:12<00:01, 27.53it/s]
[1ALoading weights:  92%|█████████▏| 312/339 [00:12<00:00, 31.40it/s]
[1ALoading weights:  93%|█████████▎| 316/339 [00:12<00:00, 29.30it/s]
[1ALoading weights:  94%|█████████▍| 320/339 [00:13<00:00, 21.86it/s]
[1ALoading weights:  97%|█████████▋| 328/339 [00:13<00:00, 30.74it/s]
[1ALoading weights:  98%|█████████▊| 332/339 [00:13<00:00, 26.01it/s]
[1ALoading weights: 100%|██████████| 339/339 [00:13<00:00, 24.93it/s]

[1ALoading weights:   0%|          | 0/434 [00:00<?, ?it/s]
[1ALoading weights:   0%|          | 1/434 [00:01<10:53,  1.51s/it]
[1ALoading weights:   4%|▎         | 16/434 [00:01<00:31, 13.36it/s]
[1ALoading weights:   7%|▋         | 31/434 [00:01<00:14, 28.16it/s]
[1ALoading weights:  10%|█         | 45/434 [00:01<00:09, 42.72it/s]
[1ALoading weights:  14%|█▍        | 61/434 [00:01<00:06, 59.12it/s]
[1ALoading weights:  18%|█▊        | 76/434 [00:02<00:04, 75.34it/s]
[1ALoading weights:  22%|██▏       | 96/434 [00:02<00:03, 100.29it/s]
[1ALoading weights:  26%|██▌       | 112/434 [00:02<00:02, 111.18it/s]
[1ALoading weights:  31%|███       | 134/434 [00:02<00:02, 135.89it/s]
[1ALoading weights:  35%|███▌      | 152/434 [00:02<00:01, 146.47it/s]
[1ALoading weights:  39%|███▉      | 170/434 [00:02<00:01, 148.17it/s]
[1ALoading weights:  44%|████▍     | 193/434 [00:02<00:01, 165.57it/s]
[1ALoading weights:  49%|████▊     | 211/434 [00:02<00:01, 163.09it/s]
[1ALoading weights:  53%|█████▎    | 229/434 [00:02<00:01, 166.61it/s]
[1ALoading weights:  58%|█████▊    | 252/434 [00:03<00:00, 184.08it/s]
[1ALoading weights:  63%|██████▎   | 272/434 [00:03<00:00, 188.54it/s]
[1ALoading weights:  67%|██████▋   | 292/434 [00:03<00:00, 176.75it/s]
[1ALoading weights:  72%|███████▏  | 311/434 [00:03<00:00, 172.35it/s]
[1ALoading weights:  76%|███████▌  | 329/434 [00:03<00:00, 164.27it/s]
[1ALoading weights:  80%|████████  | 349/434 [00:03<00:00, 171.79it/s]
[1ALoading weights:  85%|████████▍ | 367/434 [00:03<00:00, 169.78it/s]
[1ALoading weights:  89%|████████▉ | 386/434 [00:03<00:00, 169.28it/s]
[1ALoading weights:  93%|█████████▎| 404/434 [00:03<00:00, 172.04it/s]
[1ALoading weights:  97%|█████████▋| 422/434 [00:04<00:00, 162.63it/s]
[1ALoading weights: 100%|██████████| 434/434 [00:04<00:00, 106.33it/s]

[1ALoading weights:   0%|          | 0/291 [00:00<?, ?it/s]
[1ALoading weights:   0%|          | 1/291 [00:00<02:19,  2.08it/s]
[1ALoading weights:   1%|          | 2/291 [00:00<02:21,  2.04it/s]
[1ALoading weights:   2%|▏         | 6/291 [00:01<00:39,  7.28it/s]
[1ALoading weights:   5%|▍         | 14/291 [00:01<00:14, 19.26it/s]
[1ALoading weights:   7%|▋         | 20/291 [00:01<00:10, 26.29it/s]
[1ALoading weights:   9%|▊         | 25/291 [00:01<00:08, 30.43it/s]
[1ALoading weights:  11%|█         | 32/291 [00:01<00:06, 38.79it/s]
[1ALoading weights:  13%|█▎        | 38/291 [00:01<00:06, 39.15it/s]
[1ALoading weights:  16%|█▌        | 47/291 [00:01<00:05, 48.20it/s]
[1ALoading weights:  18%|█▊        | 53/291 [00:01<00:04, 48.61it/s]
[1ALoading weights:  20%|██        | 59/291 [00:02<00:04, 51.11it/s]
[1ALoading weights:  23%|██▎       | 67/291 [00:02<00:04, 52.37it/s]
[1ALoading weights:  25%|██▌       | 73/291 [00:02<00:04, 49.69it/s]
[1ALoading weights:  27%|██▋       | 79/291 [00:02<00:04, 46.99it/s]
[1ALoading weights:  30%|██▉       | 86/291 [00:02<00:04, 50.51it/s]
[1ALoading weights:  32%|███▏      | 93/291 [00:02<00:03, 54.59it/s]
[1ALoading weights:  34%|███▍      | 99/291 [00:02<00:03, 53.69it/s]
[1ALoading weights:  36%|███▌      | 105/291 [00:03<00:04, 41.03it/s]
[1ALoading weights:  38%|███▊      | 111/291 [00:03<00:04, 42.91it/s]
[1ALoading weights:  40%|███▉      | 116/291 [00:03<00:04, 38.80it/s]
[1ALoading weights:  42%|████▏     | 121/291 [00:03<00:04, 38.38it/s]
[1ALoading weights:  43%|████▎     | 126/291 [00:03<00:04, 33.16it/s]
[1ALoading weights:  45%|████▌     | 131/291 [00:03<00:04, 33.58it/s]
[1ALoading weights:  46%|████▋     | 135/291 [00:03<00:04, 33.24it/s]
[1ALoading weights:  48%|████▊     | 140/291 [00:04<00:04, 34.65it/s]
[1ALoading weights:  50%|████▉     | 145/291 [00:04<00:04, 35.82it/s]
[1ALoading weights:  51%|█████     | 149/291 [00:04<00:04, 32.23it/s]
[1ALoading weights:  53%|█████▎    | 153/291 [00:04<00:04, 30.33it/s]
[1ALoading weights:  54%|█████▍    | 157/291 [00:04<00:05, 26.30it/s]
[1ALoading weights:  55%|█████▌    | 161/291 [00:04<00:04, 28.83it/s]
[1ALoading weights:  57%|█████▋    | 167/291 [00:04<00:03, 31.78it/s]
[1ALoading weights:  59%|█████▉    | 172/291 [00:05<00:03, 35.30it/s]
[1ALoading weights:  60%|██████    | 176/291 [00:05<00:03, 32.83it/s]
[1ALoading weights:  62%|██████▏   | 180/291 [00:05<00:03, 32.41it/s]
[1ALoading weights:  64%|██████▎   | 185/291 [00:05<00:02, 35.98it/s]
[1ALoading weights:  66%|██████▌   | 191/291 [00:05<00:02, 37.38it/s]
[1ALoading weights:  67%|██████▋   | 195/291 [00:05<00:03, 30.72it/s]
[1ALoading weights:  69%|██████▊   | 200/291 [00:05<00:02, 33.94it/s]
[1ALoading weights:  70%|███████   | 204/291 [00:06<00:03, 27.89it/s]
[1ALoading weights:  72%|███████▏  | 210/291 [00:06<00:02, 27.48it/s]
[1ALoading weights:  74%|███████▍  | 215/291 [00:06<00:02, 31.73it/s]
[1ALoading weights:  76%|███████▌  | 221/291 [00:06<00:02, 33.48it/s]
[1ALoading weights:  77%|███████▋  | 225/291 [00:06<00:01, 34.37it/s]
[1ALoading weights:  79%|███████▉  | 230/291 [00:06<00:01, 34.27it/s]
[1ALoading weights:  81%|████████  | 235/291 [00:06<00:01, 37.41it/s]
[1ALoading weights:  82%|████████▏ | 239/291 [00:07<00:01, 35.92it/s]
[1ALoading weights:  84%|████████▎ | 243/291 [00:07<00:01, 33.99it/s]
[1ALoading weights:  85%|████████▍ | 247/291 [00:07<00:01, 34.57it/s]
[1ALoading weights:  86%|████████▋ | 251/291 [00:07<00:01, 29.88it/s]
[1ALoading weights:  88%|████████▊ | 256/291 [00:07<00:01, 22.58it/s]
[1ALoading weights:  90%|█████████ | 262/291 [00:08<00:01, 27.48it/s]
[1ALoading weights:  92%|█████████▏| 267/291 [00:08<00:00, 28.44it/s]
[1ALoading weights:  94%|█████████▍| 273/291 [00:08<00:00, 34.61it/s]
[1ALoading weights:  95%|█████████▌| 277/291 [00:08<00:00, 32.40it/s]
[1ALoading weights:  97%|█████████▋| 283/291 [00:08<00:00, 37.09it/s]
[1ALoading weights:  99%|█████████▉| 288/291 [00:08<00:00, 34.36it/s]
[1ALoading weights: 100%|██████████| 291/291 [00:08<00:00, 33.41it/s]
[transformers] Ignoring clean_up_tokenization_spaces=True for BPE tokenizer TokenizersBackend. The clean_up_tokenization post-processing step is designed for WordPiece tokenizers and is destructive for BPE (it strips spaces before punctuation). Set clean_up_tokenization_spaces=False to suppress this warning, or set clean_up_tokenization_spaces_for_bpe_even_though_it_will_corrupt_output=True to force cleanup anyway.
WROTE C:/Users/alexs/Desktop/recipient-probe/sweep_controls.json
=== CONTROLS finished ===
Stopping app - local entrypoint completed.
Runner terminated.
✓ App completed. View run at 
https://modal.com/apps/collapseindex/main/ap-Y7Z91S88UO8DrPp0mQBhDG
