✓ Initialized. View run at 
https://modal.com/apps/collapseindex/main/ap-Te5vdpP5nH4G77M33zc0I9
✓ Created objects.
├── 🔨 Created mount 
│   C:\Users\alexs\Desktop\recipient-probe\experiments\modal_specificity2.py
└── 🔨 Created function run.

[1ALoading weights:   0%|          | 0/434 [00:00<?, ?it/s]
[1ALoading weights:   0%|          | 1/434 [00:00<01:53,  3.83it/s]
[1ALoading weights:   4%|▍         | 17/434 [00:00<00:07, 57.63it/s]
[1ALoading weights:   8%|▊         | 33/434 [00:00<00:04, 89.08it/s]
[1ALoading weights:  11%|█▏        | 49/434 [00:00<00:03, 108.84it/s]
[1ALoading weights:  15%|█▍        | 64/434 [00:00<00:03, 121.35it/s]
[1ALoading weights:  19%|█▉        | 84/434 [00:00<00:02, 136.11it/s]
[1ALoading weights:  23%|██▎       | 99/434 [00:00<00:02, 134.65it/s]
[1ALoading weights:  28%|██▊       | 122/434 [00:01<00:01, 157.49it/s]
[1ALoading weights:  33%|███▎      | 143/434 [00:01<00:01, 171.62it/s]
[1ALoading weights:  37%|███▋      | 161/434 [00:01<00:01, 168.33it/s]
[1ALoading weights:  41%|████      | 179/434 [00:01<00:01, 170.92it/s]
[1ALoading weights:  47%|████▋     | 204/434 [00:01<00:01, 190.81it/s]
[1ALoading weights:  52%|█████▏    | 224/434 [00:01<00:01, 172.38it/s]
[1ALoading weights:  56%|█████▌    | 242/434 [00:01<00:01, 164.78it/s]
[1ALoading weights:  60%|█████▉    | 259/434 [00:01<00:01, 161.65it/s]
[1ALoading weights:  64%|██████▍   | 277/434 [00:01<00:00, 164.44it/s]
[1ALoading weights:  68%|██████▊   | 297/434 [00:02<00:00, 171.75it/s]
[1ALoading weights:  73%|███████▎  | 315/434 [00:02<00:00, 156.44it/s]
[1ALoading weights:  77%|███████▋  | 336/434 [00:02<00:00, 159.71it/s]
[1ALoading weights:  83%|████████▎ | 359/434 [00:02<00:00, 176.38it/s]
[1ALoading weights:  87%|████████▋ | 377/434 [00:02<00:00, 165.52it/s]
[1ALoading weights:  91%|█████████ | 394/434 [00:02<00:00, 165.41it/s]
[1ALoading weights:  95%|█████████▍| 411/434 [00:02<00:00, 153.20it/s]
[1ALoading weights: 100%|██████████| 434/434 [00:02<00:00, 152.38it/s]

[1ALoading weights:   0%|          | 0/339 [00:00<?, ?it/s]
[1ALoading weights:   0%|          | 1/339 [00:00<02:33,  2.20it/s]
[1ALoading weights:   1%|          | 2/339 [00:00<02:33,  2.20it/s]
[1ALoading weights:   2%|▏         | 6/339 [00:01<00:43,  7.74it/s]
[1ALoading weights:   5%|▌         | 17/339 [00:01<00:13, 23.23it/s]
[1ALoading weights:   6%|▌         | 21/339 [00:01<00:12, 25.53it/s]
[1ALoading weights:   9%|▊         | 29/339 [00:01<00:09, 33.23it/s]
[1ALoading weights:  10%|█         | 34/339 [00:01<00:08, 35.84it/s]
[1ALoading weights:  12%|█▏        | 39/339 [00:01<00:08, 33.71it/s]
[1ALoading weights:  13%|█▎        | 43/339 [00:01<00:09, 31.98it/s]
[1ALoading weights:  15%|█▍        | 50/339 [00:01<00:07, 39.93it/s]
[1ALoading weights:  16%|█▌        | 55/339 [00:02<00:07, 35.59it/s]
[1ALoading weights:  18%|█▊        | 61/339 [00:02<00:07, 38.65it/s]
[1ALoading weights:  19%|█▉        | 66/339 [00:02<00:07, 37.78it/s]
[1ALoading weights:  22%|██▏       | 76/339 [00:02<00:06, 40.30it/s]
[1ALoading weights:  24%|██▍       | 81/339 [00:02<00:06, 37.41it/s]
[1ALoading weights:  26%|██▌       | 87/339 [00:02<00:06, 40.76it/s]
[1ALoading weights:  27%|██▋       | 92/339 [00:03<00:05, 41.33it/s]
[1ALoading weights:  29%|██▉       | 100/339 [00:03<00:04, 49.64it/s]
[1ALoading weights:  31%|███▏      | 106/339 [00:03<00:05, 40.39it/s]
[1ALoading weights:  33%|███▎      | 111/339 [00:03<00:06, 36.69it/s]
[1ALoading weights:  34%|███▍      | 116/339 [00:03<00:05, 38.62it/s]
[1ALoading weights:  37%|███▋      | 124/339 [00:03<00:04, 43.21it/s]
[1ALoading weights:  38%|███▊      | 129/339 [00:03<00:05, 41.88it/s]
[1ALoading weights:  40%|███▉      | 134/339 [00:04<00:04, 41.44it/s]
[1ALoading weights:  41%|████      | 139/339 [00:04<00:06, 31.05it/s]
[1ALoading weights:  43%|████▎     | 146/339 [00:04<00:05, 38.54it/s]
[1ALoading weights:  45%|████▍     | 151/339 [00:04<00:05, 35.89it/s]
[1ALoading weights:  47%|████▋     | 160/339 [00:04<00:03, 45.94it/s]
[1ALoading weights:  49%|████▉     | 166/339 [00:04<00:03, 43.80it/s]
[1ALoading weights:  51%|█████     | 173/339 [00:05<00:04, 34.53it/s]
[1ALoading weights:  54%|█████▍    | 183/339 [00:05<00:03, 39.47it/s]
[1ALoading weights:  57%|█████▋    | 192/339 [00:05<00:03, 48.14it/s]
[1ALoading weights:  58%|█████▊    | 198/339 [00:05<00:03, 40.36it/s]
[1ALoading weights:  61%|██████    | 206/339 [00:05<00:02, 47.64it/s]
[1ALoading weights:  63%|██████▎   | 212/339 [00:06<00:03, 37.92it/s]
[1ALoading weights:  65%|██████▍   | 219/339 [00:06<00:02, 41.29it/s]
[1ALoading weights:  66%|██████▌   | 224/339 [00:06<00:03, 31.97it/s]
[1ALoading weights:  68%|██████▊   | 232/339 [00:06<00:02, 37.15it/s]
[1ALoading weights:  70%|██████▉   | 237/339 [00:06<00:02, 36.09it/s]
[1ALoading weights:  72%|███████▏  | 245/339 [00:06<00:02, 39.65it/s]
[1ALoading weights:  74%|███████▍  | 252/339 [00:07<00:01, 44.64it/s]
[1ALoading weights:  76%|███████▌  | 257/339 [00:07<00:02, 34.82it/s]
[1ALoading weights:  79%|███████▉  | 269/339 [00:07<00:01, 43.21it/s]
[1ALoading weights:  81%|████████  | 274/339 [00:07<00:01, 44.38it/s]
[1ALoading weights:  83%|████████▎ | 280/339 [00:07<00:01, 37.66it/s]
[1ALoading weights:  84%|████████▍ | 286/339 [00:07<00:01, 41.45it/s]
[1ALoading weights:  86%|████████▌ | 291/339 [00:08<00:01, 36.65it/s]
[1ALoading weights:  88%|████████▊ | 298/339 [00:08<00:00, 41.35it/s]
[1ALoading weights:  90%|████████▉ | 304/339 [00:08<00:00, 35.52it/s]
[1ALoading weights:  91%|█████████ | 308/339 [00:08<00:00, 36.17it/s]
[1ALoading weights:  93%|█████████▎| 315/339 [00:08<00:00, 34.90it/s]
[1ALoading weights:  95%|█████████▌| 323/339 [00:08<00:00, 42.12it/s]
[1ALoading weights:  97%|█████████▋| 329/339 [00:09<00:00, 36.18it/s]
[1ALoading weights: 100%|██████████| 339/339 [00:09<00:00, 37.09it/s]
WROTE C:/Users/alexs/Desktop/recipient-probe/sweep_spec2.json
=== SPEC2 finished ===
Stopping app - local entrypoint completed.
Runner terminated.
✓ App completed. View run at 
https://modal.com/apps/collapseindex/main/ap-Te5vdpP5nH4G77M33zc0I9
